Archive member included to satisfy reference by file (symbol)

.\CortexM0\ARM_GCC_541\Debug\shutter_controller.a(start_pulse.o)
                              .\CortexM0\ARM_GCC_541\Debug\main.o (start_pulse_Start)
.\CortexM0\ARM_GCC_541\Debug\shutter_controller.a(HS_Clock.o)
                              .\CortexM0\ARM_GCC_541\Debug\main.o (HS_Clock_Start)
.\CortexM0\ARM_GCC_541\Debug\shutter_controller.a(microsecond_clock.o)
                              .\CortexM0\ARM_GCC_541\Debug\main.o (microsecond_clock_Start)
.\CortexM0\ARM_GCC_541\Debug\shutter_controller.a(CyLib.o)
                              .\CortexM0\ARM_GCC_541\Debug\cyfitter_cfg.o (CyIntEnable)
.\CortexM0\ARM_GCC_541\Debug\shutter_controller.a(CyLFClk.o)
                              .\CortexM0\ARM_GCC_541\Debug\cyfitter_cfg.o (CySysWdtIsr)
.\CortexM0\ARM_GCC_541\Debug\shutter_controller.a(Timer_1.o)
                              .\CortexM0\ARM_GCC_541\Debug\main.o (Timer_1_Start)
.\CortexM0\ARM_GCC_541\Debug\shutter_controller.a(CyBootAsmGnu.o)
                              .\CortexM0\ARM_GCC_541\Debug\shutter_controller.a(CyLib.o) (CyDelayCycles)
c:/program files (x86)/cypress/psoc creator/4.2/psoc creator/import/gnu/arm/5.4.1/bin/../lib/gcc/arm-none-eabi/5.4.1/armv6-m\libgcc.a(_udivsi3.o)
                              .\CortexM0\ARM_GCC_541\Debug\shutter_controller.a(CyLib.o) (__aeabi_uidiv)
c:/program files (x86)/cypress/psoc creator/4.2/psoc creator/import/gnu/arm/5.4.1/bin/../lib/gcc/arm-none-eabi/5.4.1/armv6-m\libgcc.a(_dvmd_tls.o)
                              c:/program files (x86)/cypress/psoc creator/4.2/psoc creator/import/gnu/arm/5.4.1/bin/../lib/gcc/arm-none-eabi/5.4.1/armv6-m\libgcc.a(_udivsi3.o) (__aeabi_idiv0)
c:/program files (x86)/cypress/psoc creator/4.2/psoc creator/import/gnu/arm/5.4.1/bin/../lib/gcc/arm-none-eabi/5.4.1/../../../../arm-none-eabi/lib/armv6-m\libg_nano.a(lib_a-errno.o)
                              .\CortexM0\ARM_GCC_541\Debug\Cm0Start.o (__errno)
c:/program files (x86)/cypress/psoc creator/4.2/psoc creator/import/gnu/arm/5.4.1/bin/../lib/gcc/arm-none-eabi/5.4.1/../../../../arm-none-eabi/lib/armv6-m\libg_nano.a(lib_a-exit.o)
                              c:/program files (x86)/cypress/psoc creator/4.2/psoc creator/import/gnu/arm/5.4.1/bin/../lib/gcc/arm-none-eabi/5.4.1/../../../../arm-none-eabi/lib/armv6-m/crt0.o (exit)
c:/program files (x86)/cypress/psoc creator/4.2/psoc creator/import/gnu/arm/5.4.1/bin/../lib/gcc/arm-none-eabi/5.4.1/../../../../arm-none-eabi/lib/armv6-m\libg_nano.a(lib_a-impure.o)
                              c:/program files (x86)/cypress/psoc creator/4.2/psoc creator/import/gnu/arm/5.4.1/bin/../lib/gcc/arm-none-eabi/5.4.1/../../../../arm-none-eabi/lib/armv6-m\libg_nano.a(lib_a-exit.o) (_global_impure_ptr)
c:/program files (x86)/cypress/psoc creator/4.2/psoc creator/import/gnu/arm/5.4.1/bin/../lib/gcc/arm-none-eabi/5.4.1/../../../../arm-none-eabi/lib/armv6-m\libg_nano.a(lib_a-init.o)
                              c:/program files (x86)/cypress/psoc creator/4.2/psoc creator/import/gnu/arm/5.4.1/bin/../lib/gcc/arm-none-eabi/5.4.1/../../../../arm-none-eabi/lib/armv6-m/crt0.o (__libc_init_array)
c:/program files (x86)/cypress/psoc creator/4.2/psoc creator/import/gnu/arm/5.4.1/bin/../lib/gcc/arm-none-eabi/5.4.1/../../../../arm-none-eabi/lib/armv6-m\libg_nano.a(lib_a-memset.o)
                              c:/program files (x86)/cypress/psoc creator/4.2/psoc creator/import/gnu/arm/5.4.1/bin/../lib/gcc/arm-none-eabi/5.4.1/../../../../arm-none-eabi/lib/armv6-m/crt0.o (memset)

Discarded input sections

 .text          0x00000000        0x0 c:/program files (x86)/cypress/psoc creator/4.2/psoc creator/import/gnu/arm/5.4.1/bin/../lib/gcc/arm-none-eabi/5.4.1/armv6-m/crti.o
 .data          0x00000000        0x0 c:/program files (x86)/cypress/psoc creator/4.2/psoc creator/import/gnu/arm/5.4.1/bin/../lib/gcc/arm-none-eabi/5.4.1/armv6-m/crti.o
 .bss           0x00000000        0x0 c:/program files (x86)/cypress/psoc creator/4.2/psoc creator/import/gnu/arm/5.4.1/bin/../lib/gcc/arm-none-eabi/5.4.1/armv6-m/crti.o
 .data          0x00000000        0x4 c:/program files (x86)/cypress/psoc creator/4.2/psoc creator/import/gnu/arm/5.4.1/bin/../lib/gcc/arm-none-eabi/5.4.1/armv6-m/crtbegin.o
 .text          0x00000000       0x78 c:/program files (x86)/cypress/psoc creator/4.2/psoc creator/import/gnu/arm/5.4.1/bin/../lib/gcc/arm-none-eabi/5.4.1/../../../../arm-none-eabi/lib/armv6-m/crt0.o
 .data          0x00000000        0x0 c:/program files (x86)/cypress/psoc creator/4.2/psoc creator/import/gnu/arm/5.4.1/bin/../lib/gcc/arm-none-eabi/5.4.1/../../../../arm-none-eabi/lib/armv6-m/crt0.o
 .bss           0x00000000        0x0 c:/program files (x86)/cypress/psoc creator/4.2/psoc creator/import/gnu/arm/5.4.1/bin/../lib/gcc/arm-none-eabi/5.4.1/../../../../arm-none-eabi/lib/armv6-m/crt0.o
 .ARM.extab     0x00000000        0x0 c:/program files (x86)/cypress/psoc creator/4.2/psoc creator/import/gnu/arm/5.4.1/bin/../lib/gcc/arm-none-eabi/5.4.1/../../../../arm-none-eabi/lib/armv6-m/crt0.o
 .ARM.exidx     0x00000000        0x8 c:/program files (x86)/cypress/psoc creator/4.2/psoc creator/import/gnu/arm/5.4.1/bin/../lib/gcc/arm-none-eabi/5.4.1/../../../../arm-none-eabi/lib/armv6-m/crt0.o
 .text          0x00000000        0x0 .\CortexM0\ARM_GCC_541\Debug\main.o
 .data          0x00000000        0x0 .\CortexM0\ARM_GCC_541\Debug\main.o
 .bss           0x00000000        0x0 .\CortexM0\ARM_GCC_541\Debug\main.o
 .text          0x00000000        0x0 .\CortexM0\ARM_GCC_541\Debug\cyfitter_cfg.o
 .data          0x00000000        0x0 .\CortexM0\ARM_GCC_541\Debug\cyfitter_cfg.o
 .bss           0x00000000        0x0 .\CortexM0\ARM_GCC_541\Debug\cyfitter_cfg.o
 .text          0x00000000        0x0 .\CortexM0\ARM_GCC_541\Debug\cymetadata.o
 .data          0x00000000        0x0 .\CortexM0\ARM_GCC_541\Debug\cymetadata.o
 .bss           0x00000000        0x0 .\CortexM0\ARM_GCC_541\Debug\cymetadata.o
 .text          0x00000000        0x0 .\CortexM0\ARM_GCC_541\Debug\Cm0Start.o
 .data          0x00000000        0x4 .\CortexM0\ARM_GCC_541\Debug\Cm0Start.o
 .bss           0x00000000        0x0 .\CortexM0\ARM_GCC_541\Debug\Cm0Start.o
 .text._exit    0x00000000        0xc .\CortexM0\ARM_GCC_541\Debug\Cm0Start.o
 .text._sbrk    0x00000000       0x30 .\CortexM0\ARM_GCC_541\Debug\Cm0Start.o
 .text          0x00000000        0x0 .\CortexM0\ARM_GCC_541\Debug\cybootloader.o
 .data          0x00000000        0x0 .\CortexM0\ARM_GCC_541\Debug\cybootloader.o
 .bss           0x00000000        0x0 .\CortexM0\ARM_GCC_541\Debug\cybootloader.o
 .text          0x00000000        0x0 .\CortexM0\ARM_GCC_541\Debug\shutter_controller.a(start_pulse.o)
 .data          0x00000000        0x0 .\CortexM0\ARM_GCC_541\Debug\shutter_controller.a(start_pulse.o)
 .text.start_pulse_Enable
                0x00000000        0x4 .\CortexM0\ARM_GCC_541\Debug\shutter_controller.a(start_pulse.o)
 .text.start_pulse_Stop
                0x00000000        0x4 .\CortexM0\ARM_GCC_541\Debug\shutter_controller.a(start_pulse.o)
 .text.start_pulse_ReadCounter
                0x00000000       0x14 .\CortexM0\ARM_GCC_541\Debug\shutter_controller.a(start_pulse.o)
 .text.start_pulse_ReadCompare
                0x00000000        0xc .\CortexM0\ARM_GCC_541\Debug\shutter_controller.a(start_pulse.o)
 .text.start_pulse_ReadPeriod
                0x00000000        0xc .\CortexM0\ARM_GCC_541\Debug\shutter_controller.a(start_pulse.o)
 .text          0x00000000        0x0 .\CortexM0\ARM_GCC_541\Debug\shutter_controller.a(HS_Clock.o)
 .data          0x00000000        0x0 .\CortexM0\ARM_GCC_541\Debug\shutter_controller.a(HS_Clock.o)
 .bss           0x00000000        0x0 .\CortexM0\ARM_GCC_541\Debug\shutter_controller.a(HS_Clock.o)
 .text.HS_Clock_Stop
                0x00000000       0x10 .\CortexM0\ARM_GCC_541\Debug\shutter_controller.a(HS_Clock.o)
 .text.HS_Clock_SetFractionalDividerRegister
                0x00000000       0x14 .\CortexM0\ARM_GCC_541\Debug\shutter_controller.a(HS_Clock.o)
 .text.HS_Clock_GetDividerRegister
                0x00000000        0xc .\CortexM0\ARM_GCC_541\Debug\shutter_controller.a(HS_Clock.o)
 .text.HS_Clock_GetFractionalDividerRegister
                0x00000000        0x4 .\CortexM0\ARM_GCC_541\Debug\shutter_controller.a(HS_Clock.o)
 .text          0x00000000        0x0 .\CortexM0\ARM_GCC_541\Debug\shutter_controller.a(microsecond_clock.o)
 .data          0x00000000        0x0 .\CortexM0\ARM_GCC_541\Debug\shutter_controller.a(microsecond_clock.o)
 .bss           0x00000000        0x0 .\CortexM0\ARM_GCC_541\Debug\shutter_controller.a(microsecond_clock.o)
 .text.microsecond_clock_Stop
                0x00000000       0x10 .\CortexM0\ARM_GCC_541\Debug\shutter_controller.a(microsecond_clock.o)
 .text.microsecond_clock_SetFractionalDividerRegister
                0x00000000       0x14 .\CortexM0\ARM_GCC_541\Debug\shutter_controller.a(microsecond_clock.o)
 .text.microsecond_clock_GetDividerRegister
                0x00000000        0xc .\CortexM0\ARM_GCC_541\Debug\shutter_controller.a(microsecond_clock.o)
 .text.microsecond_clock_GetFractionalDividerRegister
                0x00000000        0x4 .\CortexM0\ARM_GCC_541\Debug\shutter_controller.a(microsecond_clock.o)
 .text          0x00000000        0x0 .\CortexM0\ARM_GCC_541\Debug\shutter_controller.a(CyLib.o)
 .bss           0x00000000       0x18 .\CortexM0\ARM_GCC_541\Debug\shutter_controller.a(CyLib.o)
 .text.CySysClkImoStart
                0x00000000       0x14 .\CortexM0\ARM_GCC_541\Debug\shutter_controller.a(CyLib.o)
 .text.CySysClkImoStop
                0x00000000       0x10 .\CortexM0\ARM_GCC_541\Debug\shutter_controller.a(CyLib.o)
 .text.CySysClkWriteHfclkDirect
                0x00000000       0x20 .\CortexM0\ARM_GCC_541\Debug\shutter_controller.a(CyLib.o)
 .text.CySysEnablePumpClock
                0x00000000       0x38 .\CortexM0\ARM_GCC_541\Debug\shutter_controller.a(CyLib.o)
 .text.CySysClkGetSysclkSource
                0x00000000       0x1c .\CortexM0\ARM_GCC_541\Debug\shutter_controller.a(CyLib.o)
 .text.CySysClkWriteSysclkDiv
                0x00000000       0x30 .\CortexM0\ARM_GCC_541\Debug\shutter_controller.a(CyLib.o)
 .text.CySysLvdDisable
                0x00000000       0x20 .\CortexM0\ARM_GCC_541\Debug\shutter_controller.a(CyLib.o)
 .text.CySysLvdGetInterruptSource
                0x00000000       0x10 .\CortexM0\ARM_GCC_541\Debug\shutter_controller.a(CyLib.o)
 .text.CySysLvdClearInterrupt
                0x00000000        0xc .\CortexM0\ARM_GCC_541\Debug\shutter_controller.a(CyLib.o)
 .text.CySysGetResetReason
                0x00000000       0x14 .\CortexM0\ARM_GCC_541\Debug\shutter_controller.a(CyLib.o)
 .text.CyDisableInts
                0x00000000       0x10 .\CortexM0\ARM_GCC_541\Debug\shutter_controller.a(CyLib.o)
 .text.CyEnableInts
                0x00000000        0xc .\CortexM0\ARM_GCC_541\Debug\shutter_controller.a(CyLib.o)
 .text.CyIntGetState
                0x00000000       0x18 .\CortexM0\ARM_GCC_541\Debug\shutter_controller.a(CyLib.o)
 .text.CyIntDisable
                0x00000000       0x14 .\CortexM0\ARM_GCC_541\Debug\shutter_controller.a(CyLib.o)
 .text.CyIntSetPending
                0x00000000       0x14 .\CortexM0\ARM_GCC_541\Debug\shutter_controller.a(CyLib.o)
 .text.CyIntClearPending
                0x00000000       0x14 .\CortexM0\ARM_GCC_541\Debug\shutter_controller.a(CyLib.o)
 .text.CyIntSetSysVector
                0x00000000       0x20 .\CortexM0\ARM_GCC_541\Debug\shutter_controller.a(CyLib.o)
 .text.CyIntGetSysVector
                0x00000000       0x1c .\CortexM0\ARM_GCC_541\Debug\shutter_controller.a(CyLib.o)
 .text.CyIntGetVector
                0x00000000       0x20 .\CortexM0\ARM_GCC_541\Debug\shutter_controller.a(CyLib.o)
 .text.CyIntSetPriority
                0x00000000       0x4c .\CortexM0\ARM_GCC_541\Debug\shutter_controller.a(CyLib.o)
 .text.CyIntGetPriority
                0x00000000       0x2c .\CortexM0\ARM_GCC_541\Debug\shutter_controller.a(CyLib.o)
 .text.CySoftwareReset
                0x00000000       0x18 .\CortexM0\ARM_GCC_541\Debug\shutter_controller.a(CyLib.o)
 .text.CyDelay  0x00000000       0x30 .\CortexM0\ARM_GCC_541\Debug\shutter_controller.a(CyLib.o)
 .text.CySysLvdEnable
                0x00000000       0x44 .\CortexM0\ARM_GCC_541\Debug\shutter_controller.a(CyLib.o)
 .text.CyDelayFreq
                0x00000000       0x4c .\CortexM0\ARM_GCC_541\Debug\shutter_controller.a(CyLib.o)
 .text.CySysTickStop
                0x00000000       0x10 .\CortexM0\ARM_GCC_541\Debug\shutter_controller.a(CyLib.o)
 .text.CySysTickEnableInterrupt
                0x00000000       0x10 .\CortexM0\ARM_GCC_541\Debug\shutter_controller.a(CyLib.o)
 .text.CySysTickEnable
                0x00000000       0x18 .\CortexM0\ARM_GCC_541\Debug\shutter_controller.a(CyLib.o)
 .text.CySysTickDisableInterrupt
                0x00000000       0x10 .\CortexM0\ARM_GCC_541\Debug\shutter_controller.a(CyLib.o)
 .text.CySysTickSetReload
                0x00000000       0x10 .\CortexM0\ARM_GCC_541\Debug\shutter_controller.a(CyLib.o)
 .text.CySysTickGetReload
                0x00000000       0x10 .\CortexM0\ARM_GCC_541\Debug\shutter_controller.a(CyLib.o)
 .text.CySysTickGetValue
                0x00000000       0x10 .\CortexM0\ARM_GCC_541\Debug\shutter_controller.a(CyLib.o)
 .text.CySysTickGetCountFlag
                0x00000000       0x10 .\CortexM0\ARM_GCC_541\Debug\shutter_controller.a(CyLib.o)
 .text.CySysTickServiceCallbacks
                0x00000000       0x28 .\CortexM0\ARM_GCC_541\Debug\shutter_controller.a(CyLib.o)
 .text.CySysTickClear
                0x00000000        0xc .\CortexM0\ARM_GCC_541\Debug\shutter_controller.a(CyLib.o)
 .text.CySysTickInit
                0x00000000       0x40 .\CortexM0\ARM_GCC_541\Debug\shutter_controller.a(CyLib.o)
 .text.CySysTickStart
                0x00000000       0x20 .\CortexM0\ARM_GCC_541\Debug\shutter_controller.a(CyLib.o)
 .text.CySysTickSetCallback
                0x00000000       0x10 .\CortexM0\ARM_GCC_541\Debug\shutter_controller.a(CyLib.o)
 .text.CySysTickGetCallback
                0x00000000        0xc .\CortexM0\ARM_GCC_541\Debug\shutter_controller.a(CyLib.o)
 .text.CyGetUniqueId
                0x00000000       0x70 .\CortexM0\ARM_GCC_541\Debug\shutter_controller.a(CyLib.o)
 .text          0x00000000        0x0 .\CortexM0\ARM_GCC_541\Debug\shutter_controller.a(CyLFClk.o)
 .text.CySysClkIloEnabled
                0x00000000       0x14 .\CortexM0\ARM_GCC_541\Debug\shutter_controller.a(CyLFClk.o)
 .text.CySysClkIloStart
                0x00000000       0x14 .\CortexM0\ARM_GCC_541\Debug\shutter_controller.a(CyLFClk.o)
 .text.CySysClkIloStartMeasurement
                0x00000000       0x34 .\CortexM0\ARM_GCC_541\Debug\shutter_controller.a(CyLFClk.o)
 .text.CySysClkIloStopMeasurement
                0x00000000       0x14 .\CortexM0\ARM_GCC_541\Debug\shutter_controller.a(CyLFClk.o)
 .text.CySysClkIloCompensate
                0x00000000      0x104 .\CortexM0\ARM_GCC_541\Debug\shutter_controller.a(CyLFClk.o)
 .text.CySysWdtGetEnabledStatus
                0x00000000       0x24 .\CortexM0\ARM_GCC_541\Debug\shutter_controller.a(CyLFClk.o)
 .text.CySysWdtSetMode
                0x00000000       0x38 .\CortexM0\ARM_GCC_541\Debug\shutter_controller.a(CyLFClk.o)
 .text.CySysClkLfclkPosedgeRestore
                0x00000000       0x2c .\CortexM0\ARM_GCC_541\Debug\shutter_controller.a(CyLFClk.o)
 .text.CySysWdtGetMode
                0x00000000       0x14 .\CortexM0\ARM_GCC_541\Debug\shutter_controller.a(CyLFClk.o)
 .text.CySysWdtSetClearOnMatch
                0x00000000       0x34 .\CortexM0\ARM_GCC_541\Debug\shutter_controller.a(CyLFClk.o)
 .text.CySysWdtGetClearOnMatch
                0x00000000       0x24 .\CortexM0\ARM_GCC_541\Debug\shutter_controller.a(CyLFClk.o)
 .text.CySysWdtEnable
                0x00000000       0x40 .\CortexM0\ARM_GCC_541\Debug\shutter_controller.a(CyLFClk.o)
 .text.CySysWdtDisable
                0x00000000       0x44 .\CortexM0\ARM_GCC_541\Debug\shutter_controller.a(CyLFClk.o)
 .text.CySysWdtSetCascade
                0x00000000       0x34 .\CortexM0\ARM_GCC_541\Debug\shutter_controller.a(CyLFClk.o)
 .text.CySysWdtGetCascade
                0x00000000       0x14 .\CortexM0\ARM_GCC_541\Debug\shutter_controller.a(CyLFClk.o)
 .text.CySysWdtSetMatch
                0x00000000       0x38 .\CortexM0\ARM_GCC_541\Debug\shutter_controller.a(CyLFClk.o)
 .text.CySysWdtSetToggleBit
                0x00000000       0x30 .\CortexM0\ARM_GCC_541\Debug\shutter_controller.a(CyLFClk.o)
 .text.CySysWdtGetToggleBit
                0x00000000       0x10 .\CortexM0\ARM_GCC_541\Debug\shutter_controller.a(CyLFClk.o)
 .text.CySysWdtGetMatch
                0x00000000       0x20 .\CortexM0\ARM_GCC_541\Debug\shutter_controller.a(CyLFClk.o)
 .text.CySysWdtGetCount
                0x00000000       0x3c .\CortexM0\ARM_GCC_541\Debug\shutter_controller.a(CyLFClk.o)
 .text.CySysClkLfclkPosedgeCatch
                0x00000000       0x74 .\CortexM0\ARM_GCC_541\Debug\shutter_controller.a(CyLFClk.o)
 .text.CySysClkIloStop
                0x00000000       0x38 .\CortexM0\ARM_GCC_541\Debug\shutter_controller.a(CyLFClk.o)
 .text.CySysWdtGetInterruptSource
                0x00000000       0x14 .\CortexM0\ARM_GCC_541\Debug\shutter_controller.a(CyLFClk.o)
 .text.CySysWdtResetCounters
                0x00000000       0x20 .\CortexM0\ARM_GCC_541\Debug\shutter_controller.a(CyLFClk.o)
 .text.CySysWdtSetInterruptCallback
                0x00000000       0x20 .\CortexM0\ARM_GCC_541\Debug\shutter_controller.a(CyLFClk.o)
 .text.CySysWdtGetInterruptCallback
                0x00000000       0x20 .\CortexM0\ARM_GCC_541\Debug\shutter_controller.a(CyLFClk.o)
 .text.CySysWdtEnableCounterIsr
                0x00000000       0x34 .\CortexM0\ARM_GCC_541\Debug\shutter_controller.a(CyLFClk.o)
 .text.CySysWdtDisableCounterIsr
                0x00000000       0x28 .\CortexM0\ARM_GCC_541\Debug\shutter_controller.a(CyLFClk.o)
 .text.CySysWatchdogFeed
                0x00000000       0x60 .\CortexM0\ARM_GCC_541\Debug\shutter_controller.a(CyLFClk.o)
 .text.CySysTimerDelayUntilMatch
                0x00000000       0x6c .\CortexM0\ARM_GCC_541\Debug\shutter_controller.a(CyLFClk.o)
 .text.CySysTimerDelay
                0x00000000       0x3c .\CortexM0\ARM_GCC_541\Debug\shutter_controller.a(CyLFClk.o)
 .rodata        0x00000000        0xc .\CortexM0\ARM_GCC_541\Debug\shutter_controller.a(CyLFClk.o)
 .text          0x00000000        0x0 .\CortexM0\ARM_GCC_541\Debug\shutter_controller.a(Timer_1.o)
 .data          0x00000000        0x0 .\CortexM0\ARM_GCC_541\Debug\shutter_controller.a(Timer_1.o)
 .text.Timer_1_Enable
                0x00000000        0x4 .\CortexM0\ARM_GCC_541\Debug\shutter_controller.a(Timer_1.o)
 .text.Timer_1_Stop
                0x00000000        0x4 .\CortexM0\ARM_GCC_541\Debug\shutter_controller.a(Timer_1.o)
 .text.Timer_1_SoftwareCapture
                0x00000000        0xc .\CortexM0\ARM_GCC_541\Debug\shutter_controller.a(Timer_1.o)
 .text.Timer_1_ReadPeriod
                0x00000000        0xc .\CortexM0\ARM_GCC_541\Debug\shutter_controller.a(Timer_1.o)
 .text.Timer_1_ReadCounter
                0x00000000       0x14 .\CortexM0\ARM_GCC_541\Debug\shutter_controller.a(Timer_1.o)
 .data          0x00000000        0x0 .\CortexM0\ARM_GCC_541\Debug\shutter_controller.a(CyBootAsmGnu.o)
 .bss           0x00000000        0x0 .\CortexM0\ARM_GCC_541\Debug\shutter_controller.a(CyBootAsmGnu.o)
 .text          0x00000000      0x114 c:/program files (x86)/cypress/psoc creator/4.2/psoc creator/import/gnu/arm/5.4.1/bin/../lib/gcc/arm-none-eabi/5.4.1/armv6-m\libgcc.a(_udivsi3.o)
 .data          0x00000000        0x0 c:/program files (x86)/cypress/psoc creator/4.2/psoc creator/import/gnu/arm/5.4.1/bin/../lib/gcc/arm-none-eabi/5.4.1/armv6-m\libgcc.a(_udivsi3.o)
 .bss           0x00000000        0x0 c:/program files (x86)/cypress/psoc creator/4.2/psoc creator/import/gnu/arm/5.4.1/bin/../lib/gcc/arm-none-eabi/5.4.1/armv6-m\libgcc.a(_udivsi3.o)
 .text          0x00000000        0x4 c:/program files (x86)/cypress/psoc creator/4.2/psoc creator/import/gnu/arm/5.4.1/bin/../lib/gcc/arm-none-eabi/5.4.1/armv6-m\libgcc.a(_dvmd_tls.o)
 .data          0x00000000        0x0 c:/program files (x86)/cypress/psoc creator/4.2/psoc creator/import/gnu/arm/5.4.1/bin/../lib/gcc/arm-none-eabi/5.4.1/armv6-m\libgcc.a(_dvmd_tls.o)
 .bss           0x00000000        0x0 c:/program files (x86)/cypress/psoc creator/4.2/psoc creator/import/gnu/arm/5.4.1/bin/../lib/gcc/arm-none-eabi/5.4.1/armv6-m\libgcc.a(_dvmd_tls.o)
 .text          0x00000000        0x0 c:/program files (x86)/cypress/psoc creator/4.2/psoc creator/import/gnu/arm/5.4.1/bin/../lib/gcc/arm-none-eabi/5.4.1/../../../../arm-none-eabi/lib/armv6-m\libg_nano.a(lib_a-errno.o)
 .data          0x00000000        0x0 c:/program files (x86)/cypress/psoc creator/4.2/psoc creator/import/gnu/arm/5.4.1/bin/../lib/gcc/arm-none-eabi/5.4.1/../../../../arm-none-eabi/lib/armv6-m\libg_nano.a(lib_a-errno.o)
 .bss           0x00000000        0x0 c:/program files (x86)/cypress/psoc creator/4.2/psoc creator/import/gnu/arm/5.4.1/bin/../lib/gcc/arm-none-eabi/5.4.1/../../../../arm-none-eabi/lib/armv6-m\libg_nano.a(lib_a-errno.o)
 .text          0x00000000        0x0 c:/program files (x86)/cypress/psoc creator/4.2/psoc creator/import/gnu/arm/5.4.1/bin/../lib/gcc/arm-none-eabi/5.4.1/../../../../arm-none-eabi/lib/armv6-m\libg_nano.a(lib_a-exit.o)
 .data          0x00000000        0x0 c:/program files (x86)/cypress/psoc creator/4.2/psoc creator/import/gnu/arm/5.4.1/bin/../lib/gcc/arm-none-eabi/5.4.1/../../../../arm-none-eabi/lib/armv6-m\libg_nano.a(lib_a-exit.o)
 .bss           0x00000000        0x0 c:/program files (x86)/cypress/psoc creator/4.2/psoc creator/import/gnu/arm/5.4.1/bin/../lib/gcc/arm-none-eabi/5.4.1/../../../../arm-none-eabi/lib/armv6-m\libg_nano.a(lib_a-exit.o)
 .text.exit     0x00000000       0x2c c:/program files (x86)/cypress/psoc creator/4.2/psoc creator/import/gnu/arm/5.4.1/bin/../lib/gcc/arm-none-eabi/5.4.1/../../../../arm-none-eabi/lib/armv6-m\libg_nano.a(lib_a-exit.o)
 .text          0x00000000        0x0 c:/program files (x86)/cypress/psoc creator/4.2/psoc creator/import/gnu/arm/5.4.1/bin/../lib/gcc/arm-none-eabi/5.4.1/../../../../arm-none-eabi/lib/armv6-m\libg_nano.a(lib_a-impure.o)
 .data          0x00000000        0x0 c:/program files (x86)/cypress/psoc creator/4.2/psoc creator/import/gnu/arm/5.4.1/bin/../lib/gcc/arm-none-eabi/5.4.1/../../../../arm-none-eabi/lib/armv6-m\libg_nano.a(lib_a-impure.o)
 .bss           0x00000000        0x0 c:/program files (x86)/cypress/psoc creator/4.2/psoc creator/import/gnu/arm/5.4.1/bin/../lib/gcc/arm-none-eabi/5.4.1/../../../../arm-none-eabi/lib/armv6-m\libg_nano.a(lib_a-impure.o)
 .rodata._global_impure_ptr
                0x00000000        0x4 c:/program files (x86)/cypress/psoc creator/4.2/psoc creator/import/gnu/arm/5.4.1/bin/../lib/gcc/arm-none-eabi/5.4.1/../../../../arm-none-eabi/lib/armv6-m\libg_nano.a(lib_a-impure.o)
 .text          0x00000000        0x0 c:/program files (x86)/cypress/psoc creator/4.2/psoc creator/import/gnu/arm/5.4.1/bin/../lib/gcc/arm-none-eabi/5.4.1/../../../../arm-none-eabi/lib/armv6-m\libg_nano.a(lib_a-init.o)
 .data          0x00000000        0x0 c:/program files (x86)/cypress/psoc creator/4.2/psoc creator/import/gnu/arm/5.4.1/bin/../lib/gcc/arm-none-eabi/5.4.1/../../../../arm-none-eabi/lib/armv6-m\libg_nano.a(lib_a-init.o)
 .bss           0x00000000        0x0 c:/program files (x86)/cypress/psoc creator/4.2/psoc creator/import/gnu/arm/5.4.1/bin/../lib/gcc/arm-none-eabi/5.4.1/../../../../arm-none-eabi/lib/armv6-m\libg_nano.a(lib_a-init.o)
 .text          0x00000000        0x0 c:/program files (x86)/cypress/psoc creator/4.2/psoc creator/import/gnu/arm/5.4.1/bin/../lib/gcc/arm-none-eabi/5.4.1/../../../../arm-none-eabi/lib/armv6-m\libg_nano.a(lib_a-memset.o)
 .data          0x00000000        0x0 c:/program files (x86)/cypress/psoc creator/4.2/psoc creator/import/gnu/arm/5.4.1/bin/../lib/gcc/arm-none-eabi/5.4.1/../../../../arm-none-eabi/lib/armv6-m\libg_nano.a(lib_a-memset.o)
 .bss           0x00000000        0x0 c:/program files (x86)/cypress/psoc creator/4.2/psoc creator/import/gnu/arm/5.4.1/bin/../lib/gcc/arm-none-eabi/5.4.1/../../../../arm-none-eabi/lib/armv6-m\libg_nano.a(lib_a-memset.o)
 .text          0x00000000        0x0 c:/program files (x86)/cypress/psoc creator/4.2/psoc creator/import/gnu/arm/5.4.1/bin/../lib/gcc/arm-none-eabi/5.4.1/armv6-m/crtend.o
 .data          0x00000000        0x0 c:/program files (x86)/cypress/psoc creator/4.2/psoc creator/import/gnu/arm/5.4.1/bin/../lib/gcc/arm-none-eabi/5.4.1/armv6-m/crtend.o
 .bss           0x00000000        0x0 c:/program files (x86)/cypress/psoc creator/4.2/psoc creator/import/gnu/arm/5.4.1/bin/../lib/gcc/arm-none-eabi/5.4.1/armv6-m/crtend.o
 .text          0x00000000        0x0 c:/program files (x86)/cypress/psoc creator/4.2/psoc creator/import/gnu/arm/5.4.1/bin/../lib/gcc/arm-none-eabi/5.4.1/armv6-m/crtn.o
 .data          0x00000000        0x0 c:/program files (x86)/cypress/psoc creator/4.2/psoc creator/import/gnu/arm/5.4.1/bin/../lib/gcc/arm-none-eabi/5.4.1/armv6-m/crtn.o
 .bss           0x00000000        0x0 c:/program files (x86)/cypress/psoc creator/4.2/psoc creator/import/gnu/arm/5.4.1/bin/../lib/gcc/arm-none-eabi/5.4.1/armv6-m/crtn.o

Memory Configuration

Name             Origin             Length             Attributes
rom              0x00000000         0x00008000         xr
ram              0x20000000         0x00001000         xrw
*default*        0x00000000         0xffffffff

Linker script and memory map

LOAD c:/program files (x86)/cypress/psoc creator/4.2/psoc creator/import/gnu/arm/5.4.1/bin/../lib/gcc/arm-none-eabi/5.4.1/armv6-m/crti.o
LOAD c:/program files (x86)/cypress/psoc creator/4.2/psoc creator/import/gnu/arm/5.4.1/bin/../lib/gcc/arm-none-eabi/5.4.1/armv6-m/crtbegin.o
LOAD c:/program files (x86)/cypress/psoc creator/4.2/psoc creator/import/gnu/arm/5.4.1/bin/../lib/gcc/arm-none-eabi/5.4.1/../../../../arm-none-eabi/lib/armv6-m/crt0.o
START GROUP
LOAD .\CortexM0\ARM_GCC_541\Debug\main.o
LOAD .\CortexM0\ARM_GCC_541\Debug\cyfitter_cfg.o
LOAD .\CortexM0\ARM_GCC_541\Debug\cymetadata.o
LOAD .\CortexM0\ARM_GCC_541\Debug\Cm0Start.o
LOAD .\CortexM0\ARM_GCC_541\Debug\cybootloader.o
LOAD .\CortexM0\ARM_GCC_541\Debug\shutter_controller.a
END GROUP
START GROUP
LOAD c:/program files (x86)/cypress/psoc creator/4.2/psoc creator/import/gnu/arm/5.4.1/bin/../lib/gcc/arm-none-eabi/5.4.1/armv6-m\libgcc.a
LOAD c:/program files (x86)/cypress/psoc creator/4.2/psoc creator/import/gnu/arm/5.4.1/bin/../lib/gcc/arm-none-eabi/5.4.1/../../../../arm-none-eabi/lib/armv6-m\libg_nano.a
LOAD c:/program files (x86)/cypress/psoc creator/4.2/psoc creator/import/gnu/arm/5.4.1/bin/../lib/gcc/arm-none-eabi/5.4.1/../../../../arm-none-eabi/lib/armv6-m\libc_nano.a
END GROUP
START GROUP
LOAD c:/program files (x86)/cypress/psoc creator/4.2/psoc creator/import/gnu/arm/5.4.1/bin/../lib/gcc/arm-none-eabi/5.4.1/armv6-m\libgcc.a
LOAD c:/program files (x86)/cypress/psoc creator/4.2/psoc creator/import/gnu/arm/5.4.1/bin/../lib/gcc/arm-none-eabi/5.4.1/../../../../arm-none-eabi/lib/armv6-m\libc_nano.a
END GROUP
LOAD c:/program files (x86)/cypress/psoc creator/4.2/psoc creator/import/gnu/arm/5.4.1/bin/../lib/gcc/arm-none-eabi/5.4.1/armv6-m/crtend.o
LOAD c:/program files (x86)/cypress/psoc creator/4.2/psoc creator/import/gnu/arm/5.4.1/bin/../lib/gcc/arm-none-eabi/5.4.1/armv6-m/crtn.o
START GROUP
LOAD c:/program files (x86)/cypress/psoc creator/4.2/psoc creator/import/gnu/arm/5.4.1/bin/../lib/gcc/arm-none-eabi/5.4.1/armv6-m\libgcc.a
LOAD c:/program files (x86)/cypress/psoc creator/4.2/psoc creator/import/gnu/arm/5.4.1/bin/../lib/gcc/arm-none-eabi/5.4.1/../../../../arm-none-eabi/lib/armv6-m\libc.a
LOAD c:/program files (x86)/cypress/psoc creator/4.2/psoc creator/import/gnu/arm/5.4.1/bin/../lib/gcc/arm-none-eabi/5.4.1/../../../../arm-none-eabi/lib/armv6-m\libnosys.a
END GROUP
                0x00000000                CY_APPL_ORIGIN = 0x0
                0x00000080                CY_FLASH_ROW_SIZE = 0x80
                0x00000001                CY_APPL_NUM = 0x1
                0x00000001                CY_APPL_MAX = 0x1
                0x00000040                CY_METADATA_SIZE = 0x40
                0x00000001                CY_APPL_LOADABLE = 0x1
                0x00000000                CY_CHECKSUM_EXCLUDE_SIZE = ALIGN (0x0, CY_FLASH_ROW_SIZE)
                0x00000000                CY_APP_FOR_STACK_AND_COPIER = 0x0
                [!provide]                PROVIDE (__cy_heap_start, _end)
                0x00000001                PROVIDE (__cy_region_num, ((__cy_regions_end - __cy_regions) / 0x10))
                0x20001000                PROVIDE (__cy_stack, (ORIGIN (ram) + LENGTH (ram)))
                [!provide]                PROVIDE (__cy_heap_end, (__cy_stack - 0x400))

.cybootloader   0x00000000     0x3980
 *(.cybootloader)
 .cybootloader  0x00000000     0x3980 .\CortexM0\ARM_GCC_541\Debug\cybootloader.o
                0x00000000                cy_bootloader
                0x00003980                appl1_start = CY_APPL_ORIGIN?CY_APPL_ORIGIN:ALIGN (CY_FLASH_ROW_SIZE)
                0x00005c80                appl2_start = (appl1_start + ALIGN ((((LENGTH (rom) - appl1_start) - (0x2 * CY_FLASH_ROW_SIZE)) / 0x2), CY_FLASH_ROW_SIZE))
                0x00003980                appl_start = (CY_APPL_NUM == 0x1)?appl1_start:appl2_start
                0x00000000                cy_project_type_bootloader = (appl_start == 0x0)?0x1:0x0
                0x00000000                cy_project_type_app_for_stack_and_copier = (CY_APP_FOR_STACK_AND_COPIER == 0x1)?0x1:0x0

.text           0x00003980      0x874
 CREATE_OBJECT_SYMBOLS
                0x00003980                PROVIDE (__cy_interrupt_vector, RomVectors)
 *(.romvectors)
 .romvectors    0x00003980       0x10 .\CortexM0\ARM_GCC_541\Debug\Cm0Start.o
                0x00003980                RomVectors
                0x00000001                ASSERT ((. != __cy_interrupt_vector), No interrupt vector)
                0x00000001                ASSERT (CY_APPL_ORIGIN?(SIZEOF (.cybootloader) <= CY_APPL_ORIGIN):0x1, Wrong image location)
                0x00003990                PROVIDE (__cy_reset, Reset)
 *(.text.Reset)
 .text.Reset    0x00003990       0x10 .\CortexM0\ARM_GCC_541\Debug\Cm0Start.o
                0x00003990                Reset
                0x00000001                ASSERT ((. != __cy_reset), No reset code)
 *(.psocinit)
 .psocinit      0x000039a0      0x1c4 .\CortexM0\ARM_GCC_541\Debug\cyfitter_cfg.o
                0x00003a40                cyfitter_cfg
                0x00003b64                . = MAX (., 0x100)
 *(.text .text.* .gnu.linkonce.t.*)
 .text          0x00003b64       0x60 c:/program files (x86)/cypress/psoc creator/4.2/psoc creator/import/gnu/arm/5.4.1/bin/../lib/gcc/arm-none-eabi/5.4.1/armv6-m/crtbegin.o
 .text.main     0x00003bc4       0x18 .\CortexM0\ARM_GCC_541\Debug\main.o
                0x00003bc4                main
 .text.cfg_write_bytes32
                0x00003bdc       0x34 .\CortexM0\ARM_GCC_541\Debug\cyfitter_cfg.o
 .text.CYMEMZERO
                0x00003c10        0xc .\CortexM0\ARM_GCC_541\Debug\cyfitter_cfg.o
 .text.IntDefaultHandler
                0x00003c1c       0x10 .\CortexM0\ARM_GCC_541\Debug\Cm0Start.o
                0x00003c1c                IntDefaultHandler
 .text.Start_c  0x00003c2c       0x48 .\CortexM0\ARM_GCC_541\Debug\Cm0Start.o
                0x00003c2c                Start_c
 .text.initialize_psoc
                0x00003c74       0x50 .\CortexM0\ARM_GCC_541\Debug\Cm0Start.o
                0x00003c74                initialize_psoc
 .text.start_pulse_WriteCounter
                0x00003cc4        0xc .\CortexM0\ARM_GCC_541\Debug\shutter_controller.a(start_pulse.o)
                0x00003cc4                start_pulse_WriteCounter
 .text.start_pulse_WritePeriod
                0x00003cd0        0xc .\CortexM0\ARM_GCC_541\Debug\shutter_controller.a(start_pulse.o)
                0x00003cd0                start_pulse_WritePeriod
 .text.start_pulse_WriteCompare
                0x00003cdc        0xc .\CortexM0\ARM_GCC_541\Debug\shutter_controller.a(start_pulse.o)
                0x00003cdc                start_pulse_WriteCompare
 .text.start_pulse_SetInterruptMode
                0x00003ce8        0xc .\CortexM0\ARM_GCC_541\Debug\shutter_controller.a(start_pulse.o)
                0x00003ce8                start_pulse_SetInterruptMode
 .text.start_pulse_ReadStatusRegister
                0x00003cf4        0xc .\CortexM0\ARM_GCC_541\Debug\shutter_controller.a(start_pulse.o)
                0x00003cf4                start_pulse_ReadStatusRegister
 .text.start_pulse_ReadCapture
                0x00003d00        0xc .\CortexM0\ARM_GCC_541\Debug\shutter_controller.a(start_pulse.o)
                0x00003d00                start_pulse_ReadCapture
 .text.start_pulse_ClearFIFO
                0x00003d0c       0x14 .\CortexM0\ARM_GCC_541\Debug\shutter_controller.a(start_pulse.o)
                0x00003d0c                start_pulse_ClearFIFO
 .text.start_pulse_Init
                0x00003d20       0x5c .\CortexM0\ARM_GCC_541\Debug\shutter_controller.a(start_pulse.o)
                0x00003d20                start_pulse_Init
 .text.start_pulse_Start
                0x00003d7c       0x1c .\CortexM0\ARM_GCC_541\Debug\shutter_controller.a(start_pulse.o)
                0x00003d7c                start_pulse_Start
 .text.HS_Clock_Start
                0x00003d98       0x14 .\CortexM0\ARM_GCC_541\Debug\shutter_controller.a(HS_Clock.o)
                0x00003d98                HS_Clock_Start
 .text.microsecond_clock_Start
                0x00003dac       0x14 .\CortexM0\ARM_GCC_541\Debug\shutter_controller.a(microsecond_clock.o)
                0x00003dac                microsecond_clock_Start
 .text.CyIntEnable
                0x00003dc0       0x14 .\CortexM0\ARM_GCC_541\Debug\shutter_controller.a(CyLib.o)
                0x00003dc0                CyIntEnable
 .text.CyHalt   0x00003dd4        0x4 .\CortexM0\ARM_GCC_541\Debug\shutter_controller.a(CyLib.o)
                0x00003dd4                CyHalt
 .text.CyIntSetVector
                0x00003dd8       0x24 .\CortexM0\ARM_GCC_541\Debug\shutter_controller.a(CyLib.o)
                0x00003dd8                CyIntSetVector
 .text.CyDelayUs
                0x00003dfc       0x14 .\CortexM0\ARM_GCC_541\Debug\shutter_controller.a(CyLib.o)
                0x00003dfc                CyDelayUs
 .text.CySysClkWriteImoFreq
                0x00003e10      0x164 .\CortexM0\ARM_GCC_541\Debug\shutter_controller.a(CyLib.o)
                0x00003e10                CySysClkWriteImoFreq
 .text.CySysWdtLocked
                0x00003f74       0x14 .\CortexM0\ARM_GCC_541\Debug\shutter_controller.a(CyLFClk.o)
 .text.CySysWdtLock
                0x00003f88       0x1c .\CortexM0\ARM_GCC_541\Debug\shutter_controller.a(CyLFClk.o)
                0x00003f88                CySysWdtLock
 .text.CySysWdtUnlock
                0x00003fa4       0x30 .\CortexM0\ARM_GCC_541\Debug\shutter_controller.a(CyLFClk.o)
                0x00003fa4                CySysWdtUnlock
 .text.CySysWdtClearInterrupt
                0x00003fd4       0x4c .\CortexM0\ARM_GCC_541\Debug\shutter_controller.a(CyLFClk.o)
                0x00003fd4                CySysWdtClearInterrupt
 .text.CySysWdtIsr
                0x00004020       0xa4 .\CortexM0\ARM_GCC_541\Debug\shutter_controller.a(CyLFClk.o)
                0x00004020                CySysWdtIsr
 .text.Timer_1_SetInterruptMode
                0x000040c4        0xc .\CortexM0\ARM_GCC_541\Debug\shutter_controller.a(Timer_1.o)
                0x000040c4                Timer_1_SetInterruptMode
 .text.Timer_1_ReadStatusRegister
                0x000040d0        0xc .\CortexM0\ARM_GCC_541\Debug\shutter_controller.a(Timer_1.o)
                0x000040d0                Timer_1_ReadStatusRegister
 .text.Timer_1_WritePeriod
                0x000040dc        0xc .\CortexM0\ARM_GCC_541\Debug\shutter_controller.a(Timer_1.o)
                0x000040dc                Timer_1_WritePeriod
 .text.Timer_1_ReadCapture
                0x000040e8        0xc .\CortexM0\ARM_GCC_541\Debug\shutter_controller.a(Timer_1.o)
                0x000040e8                Timer_1_ReadCapture
 .text.Timer_1_WriteCounter
                0x000040f4        0xc .\CortexM0\ARM_GCC_541\Debug\shutter_controller.a(Timer_1.o)
                0x000040f4                Timer_1_WriteCounter
 .text.Timer_1_ClearFIFO
                0x00004100       0x14 .\CortexM0\ARM_GCC_541\Debug\shutter_controller.a(Timer_1.o)
                0x00004100                Timer_1_ClearFIFO
 .text.Timer_1_Init
                0x00004114       0x38 .\CortexM0\ARM_GCC_541\Debug\shutter_controller.a(Timer_1.o)
                0x00004114                Timer_1_Init
 .text.Timer_1_Start
                0x0000414c       0x1c .\CortexM0\ARM_GCC_541\Debug\shutter_controller.a(Timer_1.o)
                0x0000414c                Timer_1_Start
 .text          0x00004168       0x24 .\CortexM0\ARM_GCC_541\Debug\shutter_controller.a(CyBootAsmGnu.o)
                0x00004168                CyDelayCycles
                0x0000417c                CyEnterCriticalSection
                0x00004184                CyExitCriticalSection
 .text.__errno  0x0000418c        0xc c:/program files (x86)/cypress/psoc creator/4.2/psoc creator/import/gnu/arm/5.4.1/bin/../lib/gcc/arm-none-eabi/5.4.1/../../../../arm-none-eabi/lib/armv6-m\libg_nano.a(lib_a-errno.o)
                0x0000418c                __errno
 .text.__libc_init_array
                0x00004198       0x4c c:/program files (x86)/cypress/psoc creator/4.2/psoc creator/import/gnu/arm/5.4.1/bin/../lib/gcc/arm-none-eabi/5.4.1/../../../../arm-none-eabi/lib/armv6-m\libg_nano.a(lib_a-init.o)
                0x00004198                __libc_init_array
 .text.memset   0x000041e4       0x10 c:/program files (x86)/cypress/psoc creator/4.2/psoc creator/import/gnu/arm/5.4.1/bin/../lib/gcc/arm-none-eabi/5.4.1/../../../../arm-none-eabi/lib/armv6-m\libg_nano.a(lib_a-memset.o)
                0x000041e4                memset
 *(.plt)
 *(.gnu.warning)
 *(.glue_7t)
 .glue_7t       0x000041f4        0x0 linker stubs
 *(.glue_7)
 .glue_7        0x000041f4        0x0 linker stubs
 *(.vfp11_veneer)
 .vfp11_veneer  0x000041f4        0x0 linker stubs
 *(.bootloader)
 *(.ARM.extab* .gnu.linkonce.armextab.*)
 *(.gcc_except_table)

.v4_bx          0x000041f4        0x0
 .v4_bx         0x000041f4        0x0 linker stubs

.iplt           0x000041f4        0x0
 .iplt          0x000041f4        0x0 c:/program files (x86)/cypress/psoc creator/4.2/psoc creator/import/gnu/arm/5.4.1/bin/../lib/gcc/arm-none-eabi/5.4.1/armv6-m/crtbegin.o

.eh_frame_hdr
 *(.eh_frame_hdr)

.eh_frame       0x000041f4        0x4
 *(.eh_frame)
 .eh_frame      0x000041f4        0x0 c:/program files (x86)/cypress/psoc creator/4.2/psoc creator/import/gnu/arm/5.4.1/bin/../lib/gcc/arm-none-eabi/5.4.1/armv6-m/crtbegin.o
 .eh_frame      0x000041f4        0x4 c:/program files (x86)/cypress/psoc creator/4.2/psoc creator/import/gnu/arm/5.4.1/bin/../lib/gcc/arm-none-eabi/5.4.1/armv6-m/crtend.o
                [!provide]                PROVIDE (__exidx_start, .)

.ARM.exidx
 *(.ARM.exidx* .gnu.linkonce.armexidx.*)
                0x000041f8                __exidx_end = .

.rodata         0x000041f8      0x310
 *(.rodata .rodata.* .gnu.linkonce.r.*)
 .rodata        0x000041f8      0x2a8 .\CortexM0\ARM_GCC_541\Debug\cyfitter_cfg.o
 .rodata        0x000044a0       0x2e .\CortexM0\ARM_GCC_541\Debug\shutter_controller.a(CyLib.o)
                0x000044a0                cyImoFreqMhz2Reg
 .rodata.str1.1
                0x000044ce        0x2 c:/program files (x86)/cypress/psoc creator/4.2/psoc creator/import/gnu/arm/5.4.1/bin/../lib/gcc/arm-none-eabi/5.4.1/../../../../arm-none-eabi/lib/armv6-m\libg_nano.a(lib_a-impure.o)
                0x000044d0                . = ALIGN (0x4)
 *(.init)
 .init          0x000044d0        0x4 c:/program files (x86)/cypress/psoc creator/4.2/psoc creator/import/gnu/arm/5.4.1/bin/../lib/gcc/arm-none-eabi/5.4.1/armv6-m/crti.o
                0x000044d0                _init
 .init          0x000044d4        0x8 c:/program files (x86)/cypress/psoc creator/4.2/psoc creator/import/gnu/arm/5.4.1/bin/../lib/gcc/arm-none-eabi/5.4.1/armv6-m/crtn.o
                0x000044dc                . = ALIGN (0x4)
                0x000044dc                __preinit_array_start = .
 *(.preinit_array)
                0x000044dc                __preinit_array_end = .
                0x000044dc                . = ALIGN (0x4)
                0x000044dc                __init_array_start = .
 *(SORT(.init_array.*))
 *(.init_array)
 .init_array    0x000044dc        0x4 c:/program files (x86)/cypress/psoc creator/4.2/psoc creator/import/gnu/arm/5.4.1/bin/../lib/gcc/arm-none-eabi/5.4.1/armv6-m/crtbegin.o
 .init_array    0x000044e0        0x4 .\CortexM0\ARM_GCC_541\Debug\Cm0Start.o
                0x000044e4                __init_array_end = .
                0x000044e4                . = ALIGN (0x4)
 *(.fini)
 .fini          0x000044e4        0x4 c:/program files (x86)/cypress/psoc creator/4.2/psoc creator/import/gnu/arm/5.4.1/bin/../lib/gcc/arm-none-eabi/5.4.1/armv6-m/crti.o
                0x000044e4                _fini
 .fini          0x000044e8        0x8 c:/program files (x86)/cypress/psoc creator/4.2/psoc creator/import/gnu/arm/5.4.1/bin/../lib/gcc/arm-none-eabi/5.4.1/armv6-m/crtn.o
                0x000044f0                . = ALIGN (0x4)
                0x000044f0                __fini_array_start = .
 *(.fini_array)
 .fini_array    0x000044f0        0x4 c:/program files (x86)/cypress/psoc creator/4.2/psoc creator/import/gnu/arm/5.4.1/bin/../lib/gcc/arm-none-eabi/5.4.1/armv6-m/crtbegin.o
 *(SORT(.fini_array.*))
                0x000044f4                __fini_array_end = .
                0x000044f4                . = ALIGN (0x4)
 *crtbegin.o(.ctors)
 *(EXCLUDE_FILE(*crtend.o) .ctors)
 *(SORT(.ctors.*))
 *crtend.o(.ctors)
                0x000044f4                . = ALIGN (0x4)
 *crtbegin.o(.dtors)
 *(EXCLUDE_FILE(*crtend.o) .dtors)
 *(SORT(.dtors.*))
 *crtend.o(.dtors)
                0x000044f4                . = ALIGN (0x4)
                0x000044f4                __cy_regions = .
                0x000044f4        0x4 LONG 0x4508 __cy_region_init_ram
                0x000044f8        0x4 LONG 0x200000c8 __cy_region_start_data
                0x000044fc        0x4 LONG 0x80 __cy_region_init_size_ram
                0x00004500        0x4 LONG 0x48 __cy_region_zero_size_ram
                0x00004504                __cy_regions_end = .
                0x00004508                . = ALIGN (0x8)
 *fill*         0x00004504        0x4 
                0x00004508                _etext = .

.ramvectors     0x20000000       0xc0
                0x20000000                __cy_region_start_ram = .
 *(.ramvectors)
 .ramvectors    0x20000000       0xc0 .\CortexM0\ARM_GCC_541\Debug\Cm0Start.o
                0x20000000                CyRamVectors

.btldr_run      0x200000c0        0x4
 *(.bootloaderruntype)
 .bootloaderruntype
                0x200000c0        0x4 .\CortexM0\ARM_GCC_541\Debug\Cm0Start.o
                0x200000c0                cyBtldrRunType

.noinit
 *(.noinit)

.data           0x200000c8       0x80 load address 0x00004508
                0x200000c8                __cy_region_start_data = .
 *(.jcr)
 .jcr           0x200000c8        0x0 c:/program files (x86)/cypress/psoc creator/4.2/psoc creator/import/gnu/arm/5.4.1/bin/../lib/gcc/arm-none-eabi/5.4.1/armv6-m/crtbegin.o
 .jcr           0x200000c8        0x4 c:/program files (x86)/cypress/psoc creator/4.2/psoc creator/import/gnu/arm/5.4.1/bin/../lib/gcc/arm-none-eabi/5.4.1/armv6-m/crtend.o
 *(.got.plt)
 *(.got)
 *(.shdata)
 *(.data .data.* .gnu.linkonce.d.*)
 .data          0x200000cc       0x14 .\CortexM0\ARM_GCC_541\Debug\shutter_controller.a(CyLib.o)
                0x200000cc                CySysClkPumpConfig
                0x200000d0                cydelay32kMs
                0x200000d4                cydelayFreqKhz
                0x200000d8                cydelayFreqMhz
                0x200000dc                cydelayFreqHz
 .data          0x200000e0        0x4 .\CortexM0\ARM_GCC_541\Debug\shutter_controller.a(CyLFClk.o)
 .data.impure_data
                0x200000e4       0x60 c:/program files (x86)/cypress/psoc creator/4.2/psoc creator/import/gnu/arm/5.4.1/bin/../lib/gcc/arm-none-eabi/5.4.1/../../../../arm-none-eabi/lib/armv6-m\libg_nano.a(lib_a-impure.o)
 .data._impure_ptr
                0x20000144        0x4 c:/program files (x86)/cypress/psoc creator/4.2/psoc creator/import/gnu/arm/5.4.1/bin/../lib/gcc/arm-none-eabi/5.4.1/../../../../arm-none-eabi/lib/armv6-m\libg_nano.a(lib_a-impure.o)
                0x20000144                _impure_ptr
                0x20000148                . = ALIGN (0x8)
 *(.ram)
                0x20000148                _edata = .

.igot.plt       0x20000148        0x0 load address 0x00004588
 .igot.plt      0x20000148        0x0 c:/program files (x86)/cypress/psoc creator/4.2/psoc creator/import/gnu/arm/5.4.1/bin/../lib/gcc/arm-none-eabi/5.4.1/armv6-m/crtbegin.o

.bss            0x20000148       0x48 load address 0x00004588
                0x20000148                PROVIDE (__bss_start__, .)
 *(.shbss)
 *(.bss .bss.* .gnu.linkonce.b.*)
 .bss           0x20000148       0x1c c:/program files (x86)/cypress/psoc creator/4.2/psoc creator/import/gnu/arm/5.4.1/bin/../lib/gcc/arm-none-eabi/5.4.1/armv6-m/crtbegin.o
 .bss           0x20000164        0x1 .\CortexM0\ARM_GCC_541\Debug\shutter_controller.a(start_pulse.o)
                0x20000164                start_pulse_initVar
 *fill*         0x20000165        0x3 
 .bss           0x20000168       0x20 .\CortexM0\ARM_GCC_541\Debug\shutter_controller.a(CyLFClk.o)
 .bss           0x20000188        0x1 .\CortexM0\ARM_GCC_541\Debug\shutter_controller.a(Timer_1.o)
                0x20000188                Timer_1_initVar
 *(COMMON)
                0x20000190                . = ALIGN (0x8)
 *fill*         0x20000189        0x7 
 *(.ram.b)
                0x20000190                _end = .
                0x20000190                __end = .
                0x20000190                PROVIDE (end, .)
                0x20000190                PROVIDE (__bss_end__, .)
                0x00004508                __cy_region_init_ram = LOADADDR (.data)
                0x00000080                __cy_region_init_size_ram = (_edata - ADDR (.data))
                0x00000048                __cy_region_zero_size_ram = (_end - _edata)

.heap           0x20000190       0x80 load address 0x00004588
                0x20000190                . = _end
                0x20000210                . = (. + 0x80)
 *fill*         0x20000190       0x80 
                0x20000210                __cy_heap_limit = .

.stack          0x20000c00      0x400
                0x20000c00                __cy_stack_limit = .
                0x20001000                . = (. + 0x400)
 *fill*         0x20000c00      0x400 
                0x00000001                ASSERT ((__cy_stack_limit >= __cy_heap_limit), region RAM overflowed with stack)

.cy_checksum_exclude
                0x00007f80        0x0
 *(.cy_checksum_exclude)
                0x00000000                cy_checksum_exclude_size = (CY_APPL_LOADABLE == 0x1)?SIZEOF (.cy_checksum_exclude):0x0
                0x00000001                ASSERT ((cy_checksum_exclude_size <= CY_CHECKSUM_EXCLUDE_SIZE), CY_BOOT: Section .cy_checksum_exclude size exceedes specified limit.)
                0xf0000000                cyloadermeta_start = (cy_project_type_bootloader || cy_project_type_app_for_stack_and_copier)?(LENGTH (rom) - CY_METADATA_SIZE):0xf0000000

.cyloadermeta   0xf0000000       0x40
 *(.cyloadermeta)
 .cyloadermeta  0xf0000000       0x40 .\CortexM0\ARM_GCC_541\Debug\cybootloader.o
                0xf0000000                cy_meta_loader
                0x00007fc0                cyloadablemeta_start = cy_project_type_app_for_stack_and_copier?((LENGTH (rom) - CY_FLASH_ROW_SIZE) - CY_METADATA_SIZE):((LENGTH (rom) - (CY_FLASH_ROW_SIZE * (CY_APPL_NUM - 0x1))) - CY_METADATA_SIZE)

.cyloadablemeta
                0x00007fc0       0x40
 *(.cyloadablemeta)
 .cyloadablemeta
                0x00007fc0       0x40 .\CortexM0\ARM_GCC_541\Debug\cymetadata.o
                0x00007fc0                cy_meta_loadable

.cyflashprotect
                0x90400000       0x20
 *(.cyflashprotect)
 .cyflashprotect
                0x90400000       0x20 .\CortexM0\ARM_GCC_541\Debug\cybootloader.o
                0x90400000                cy_meta_flashprotect

.cymeta         0x90500000        0xc
 *(.cymeta)
 .cymeta        0x90500000        0xc .\CortexM0\ARM_GCC_541\Debug\cybootloader.o
                0x90500000                cy_metadata

.cychipprotect  0x90600000        0x1
 *(.cychipprotect)
 .cychipprotect
                0x90600000        0x1 .\CortexM0\ARM_GCC_541\Debug\cybootloader.o
                0x90600000                cy_meta_chipprotect

.rel.dyn        0x00008000        0x0 load address 0x90600004
 .rel.iplt      0x00008000        0x0 c:/program files (x86)/cypress/psoc creator/4.2/psoc creator/import/gnu/arm/5.4.1/bin/../lib/gcc/arm-none-eabi/5.4.1/armv6-m/crtbegin.o

.stab
 *(.stab)

.stabstr
 *(.stabstr)

.debug
 *(.debug)

.line
 *(.line)

.debug_srcinfo
 *(.debug_srcinfo)

.debug_sfnames
 *(.debug_sfnames)

.debug_aranges  0x00000000      0x530
 *(.debug_aranges)
 .debug_aranges
                0x00000000       0x20 .\CortexM0\ARM_GCC_541\Debug\main.o
 .debug_aranges
                0x00000020       0x38 .\CortexM0\ARM_GCC_541\Debug\cyfitter_cfg.o
 .debug_aranges
                0x00000058       0x18 .\CortexM0\ARM_GCC_541\Debug\cymetadata.o
 .debug_aranges
                0x00000070       0x48 .\CortexM0\ARM_GCC_541\Debug\Cm0Start.o
 .debug_aranges
                0x000000b8       0x18 .\CortexM0\ARM_GCC_541\Debug\cybootloader.o
 .debug_aranges
                0x000000d0       0x88 .\CortexM0\ARM_GCC_541\Debug\shutter_controller.a(start_pulse.o)
 .debug_aranges
                0x00000158       0x40 .\CortexM0\ARM_GCC_541\Debug\shutter_controller.a(HS_Clock.o)
 .debug_aranges
                0x00000198       0x40 .\CortexM0\ARM_GCC_541\Debug\shutter_controller.a(microsecond_clock.o)
 .debug_aranges
                0x000001d8      0x180 .\CortexM0\ARM_GCC_541\Debug\shutter_controller.a(CyLib.o)
 .debug_aranges
                0x00000358      0x138 .\CortexM0\ARM_GCC_541\Debug\shutter_controller.a(CyLFClk.o)
 .debug_aranges
                0x00000490       0x80 .\CortexM0\ARM_GCC_541\Debug\shutter_controller.a(Timer_1.o)
 .debug_aranges
                0x00000510       0x20 .\CortexM0\ARM_GCC_541\Debug\shutter_controller.a(CyBootAsmGnu.o)

.debug_pubnames
 *(.debug_pubnames)

.debug_info     0x00000000     0x2ae4
 *(.debug_info .gnu.linkonce.wi.*)
 .debug_info    0x00000000       0xf9 .\CortexM0\ARM_GCC_541\Debug\main.o
 .debug_info    0x000000f9      0x3a1 .\CortexM0\ARM_GCC_541\Debug\cyfitter_cfg.o
 .debug_info    0x0000049a       0xac .\CortexM0\ARM_GCC_541\Debug\cymetadata.o
 .debug_info    0x00000546      0x3b3 .\CortexM0\ARM_GCC_541\Debug\Cm0Start.o
 .debug_info    0x000008f9      0x153 .\CortexM0\ARM_GCC_541\Debug\cybootloader.o
 .debug_info    0x00000a4c      0x2ec .\CortexM0\ARM_GCC_541\Debug\shutter_controller.a(start_pulse.o)
 .debug_info    0x00000d38      0x14e .\CortexM0\ARM_GCC_541\Debug\shutter_controller.a(HS_Clock.o)
 .debug_info    0x00000e86      0x14e .\CortexM0\ARM_GCC_541\Debug\shutter_controller.a(microsecond_clock.o)
 .debug_info    0x00000fd4      0xaec .\CortexM0\ARM_GCC_541\Debug\shutter_controller.a(CyLib.o)
 .debug_info    0x00001ac0      0xcfe .\CortexM0\ARM_GCC_541\Debug\shutter_controller.a(CyLFClk.o)
 .debug_info    0x000027be      0x2aa .\CortexM0\ARM_GCC_541\Debug\shutter_controller.a(Timer_1.o)
 .debug_info    0x00002a68       0x7c .\CortexM0\ARM_GCC_541\Debug\shutter_controller.a(CyBootAsmGnu.o)

.debug_abbrev   0x00000000      0xc68
 *(.debug_abbrev)
 .debug_abbrev  0x00000000       0x65 .\CortexM0\ARM_GCC_541\Debug\main.o
 .debug_abbrev  0x00000065      0x1a2 .\CortexM0\ARM_GCC_541\Debug\cyfitter_cfg.o
 .debug_abbrev  0x00000207       0x5d .\CortexM0\ARM_GCC_541\Debug\cymetadata.o
 .debug_abbrev  0x00000264      0x1e8 .\CortexM0\ARM_GCC_541\Debug\Cm0Start.o
 .debug_abbrev  0x0000044c       0x77 .\CortexM0\ARM_GCC_541\Debug\cybootloader.o
 .debug_abbrev  0x000004c3      0x108 .\CortexM0\ARM_GCC_541\Debug\shutter_controller.a(start_pulse.o)
 .debug_abbrev  0x000005cb       0xb7 .\CortexM0\ARM_GCC_541\Debug\shutter_controller.a(HS_Clock.o)
 .debug_abbrev  0x00000682       0xb7 .\CortexM0\ARM_GCC_541\Debug\shutter_controller.a(microsecond_clock.o)
 .debug_abbrev  0x00000739      0x1e0 .\CortexM0\ARM_GCC_541\Debug\shutter_controller.a(CyLib.o)
 .debug_abbrev  0x00000919      0x210 .\CortexM0\ARM_GCC_541\Debug\shutter_controller.a(CyLFClk.o)
 .debug_abbrev  0x00000b29      0x12b .\CortexM0\ARM_GCC_541\Debug\shutter_controller.a(Timer_1.o)
 .debug_abbrev  0x00000c54       0x14 .\CortexM0\ARM_GCC_541\Debug\shutter_controller.a(CyBootAsmGnu.o)

.debug_line     0x00000000     0x1325
 *(.debug_line)
 .debug_line    0x00000000       0x95 .\CortexM0\ARM_GCC_541\Debug\main.o
 .debug_line    0x00000095      0x16a .\CortexM0\ARM_GCC_541\Debug\cyfitter_cfg.o
 .debug_line    0x000001ff      0x141 .\CortexM0\ARM_GCC_541\Debug\cymetadata.o
 .debug_line    0x00000340      0x238 .\CortexM0\ARM_GCC_541\Debug\Cm0Start.o
 .debug_line    0x00000578       0x53 .\CortexM0\ARM_GCC_541\Debug\cybootloader.o
 .debug_line    0x000005cb      0x170 .\CortexM0\ARM_GCC_541\Debug\shutter_controller.a(start_pulse.o)
 .debug_line    0x0000073b       0xae .\CortexM0\ARM_GCC_541\Debug\shutter_controller.a(HS_Clock.o)
 .debug_line    0x000007e9       0xb7 .\CortexM0\ARM_GCC_541\Debug\shutter_controller.a(microsecond_clock.o)
 .debug_line    0x000008a0      0x460 .\CortexM0\ARM_GCC_541\Debug\shutter_controller.a(CyLib.o)
 .debug_line    0x00000d00      0x466 .\CortexM0\ARM_GCC_541\Debug\shutter_controller.a(CyLFClk.o)
 .debug_line    0x00001166      0x156 .\CortexM0\ARM_GCC_541\Debug\shutter_controller.a(Timer_1.o)
 .debug_line    0x000012bc       0x69 .\CortexM0\ARM_GCC_541\Debug\shutter_controller.a(CyBootAsmGnu.o)

.debug_frame    0x00000000      0xc8c
 *(.debug_frame)
 .debug_frame   0x00000000       0x2c .\CortexM0\ARM_GCC_541\Debug\main.o
 .debug_frame   0x0000002c       0x8c .\CortexM0\ARM_GCC_541\Debug\cyfitter_cfg.o
 .debug_frame   0x000000b8       0xbc .\CortexM0\ARM_GCC_541\Debug\Cm0Start.o
 .debug_frame   0x00000174      0x118 .\CortexM0\ARM_GCC_541\Debug\shutter_controller.a(start_pulse.o)
 .debug_frame   0x0000028c       0x60 .\CortexM0\ARM_GCC_541\Debug\shutter_controller.a(HS_Clock.o)
 .debug_frame   0x000002ec       0x60 .\CortexM0\ARM_GCC_541\Debug\shutter_controller.a(microsecond_clock.o)
 .debug_frame   0x0000034c      0x3e0 .\CortexM0\ARM_GCC_541\Debug\shutter_controller.a(CyLib.o)
 .debug_frame   0x0000072c      0x3a8 .\CortexM0\ARM_GCC_541\Debug\shutter_controller.a(CyLFClk.o)
 .debug_frame   0x00000ad4      0x104 .\CortexM0\ARM_GCC_541\Debug\shutter_controller.a(Timer_1.o)
 .debug_frame   0x00000bd8       0x20 c:/program files (x86)/cypress/psoc creator/4.2/psoc creator/import/gnu/arm/5.4.1/bin/../lib/gcc/arm-none-eabi/5.4.1/armv6-m\libgcc.a(_udivsi3.o)
 .debug_frame   0x00000bf8       0x20 c:/program files (x86)/cypress/psoc creator/4.2/psoc creator/import/gnu/arm/5.4.1/bin/../lib/gcc/arm-none-eabi/5.4.1/../../../../arm-none-eabi/lib/armv6-m\libg_nano.a(lib_a-errno.o)
 .debug_frame   0x00000c18       0x28 c:/program files (x86)/cypress/psoc creator/4.2/psoc creator/import/gnu/arm/5.4.1/bin/../lib/gcc/arm-none-eabi/5.4.1/../../../../arm-none-eabi/lib/armv6-m\libg_nano.a(lib_a-exit.o)
 .debug_frame   0x00000c40       0x2c c:/program files (x86)/cypress/psoc creator/4.2/psoc creator/import/gnu/arm/5.4.1/bin/../lib/gcc/arm-none-eabi/5.4.1/../../../../arm-none-eabi/lib/armv6-m\libg_nano.a(lib_a-init.o)
 .debug_frame   0x00000c6c       0x20 c:/program files (x86)/cypress/psoc creator/4.2/psoc creator/import/gnu/arm/5.4.1/bin/../lib/gcc/arm-none-eabi/5.4.1/../../../../arm-none-eabi/lib/armv6-m\libg_nano.a(lib_a-memset.o)

.debug_str      0x00000000     0x12f3
 *(.debug_str)
 .debug_str     0x00000000      0x17a .\CortexM0\ARM_GCC_541\Debug\main.o
                                0x1ba (size before relaxing)
 .debug_str     0x0000017a      0x127 .\CortexM0\ARM_GCC_541\Debug\cyfitter_cfg.o
                                0x2b1 (size before relaxing)
 .debug_str     0x000002a1       0x3f .\CortexM0\ARM_GCC_541\Debug\cymetadata.o
                                0x190 (size before relaxing)
 .debug_str     0x000002e0      0x149 .\CortexM0\ARM_GCC_541\Debug\Cm0Start.o
                                0x2fc (size before relaxing)
 .debug_str     0x00000429       0x78 .\CortexM0\ARM_GCC_541\Debug\cybootloader.o
                                0x1d9 (size before relaxing)
 .debug_str     0x000004a1      0x1dc .\CortexM0\ARM_GCC_541\Debug\shutter_controller.a(start_pulse.o)
                                0x367 (size before relaxing)
 .debug_str     0x0000067d       0xc0 .\CortexM0\ARM_GCC_541\Debug\shutter_controller.a(HS_Clock.o)
                                0x23b (size before relaxing)
 .debug_str     0x0000073d       0xc5 .\CortexM0\ARM_GCC_541\Debug\shutter_controller.a(microsecond_clock.o)
                                0x271 (size before relaxing)
 .debug_str     0x00000802      0x48e .\CortexM0\ARM_GCC_541\Debug\shutter_controller.a(CyLib.o)
                                0x6a2 (size before relaxing)
 .debug_str     0x00000c90      0x530 .\CortexM0\ARM_GCC_541\Debug\shutter_controller.a(CyLFClk.o)
                                0x729 (size before relaxing)
 .debug_str     0x000011c0      0x133 .\CortexM0\ARM_GCC_541\Debug\shutter_controller.a(Timer_1.o)
                                0x30a (size before relaxing)

.debug_loc      0x00000000     0x1201
 *(.debug_loc)
 .debug_loc     0x00000000      0x118 .\CortexM0\ARM_GCC_541\Debug\cyfitter_cfg.o
 .debug_loc     0x00000118      0x14f .\CortexM0\ARM_GCC_541\Debug\Cm0Start.o
 .debug_loc     0x00000267       0x13 .\CortexM0\ARM_GCC_541\Debug\shutter_controller.a(start_pulse.o)
 .debug_loc     0x0000027a       0x13 .\CortexM0\ARM_GCC_541\Debug\shutter_controller.a(HS_Clock.o)
 .debug_loc     0x0000028d       0x13 .\CortexM0\ARM_GCC_541\Debug\shutter_controller.a(microsecond_clock.o)
 .debug_loc     0x000002a0      0x599 .\CortexM0\ARM_GCC_541\Debug\shutter_controller.a(CyLib.o)
 .debug_loc     0x00000839      0x9b5 .\CortexM0\ARM_GCC_541\Debug\shutter_controller.a(CyLFClk.o)
 .debug_loc     0x000011ee       0x13 .\CortexM0\ARM_GCC_541\Debug\shutter_controller.a(Timer_1.o)

.debug_macinfo
 *(.debug_macinfo)

.debug_ranges   0x00000000      0x450
 *(.debug_ranges)
 .debug_ranges  0x00000000       0x10 .\CortexM0\ARM_GCC_541\Debug\main.o
 .debug_ranges  0x00000010       0x28 .\CortexM0\ARM_GCC_541\Debug\cyfitter_cfg.o
 .debug_ranges  0x00000038       0x38 .\CortexM0\ARM_GCC_541\Debug\Cm0Start.o
 .debug_ranges  0x00000070       0x78 .\CortexM0\ARM_GCC_541\Debug\shutter_controller.a(start_pulse.o)
 .debug_ranges  0x000000e8       0x30 .\CortexM0\ARM_GCC_541\Debug\shutter_controller.a(HS_Clock.o)
 .debug_ranges  0x00000118       0x30 .\CortexM0\ARM_GCC_541\Debug\shutter_controller.a(microsecond_clock.o)
 .debug_ranges  0x00000148      0x170 .\CortexM0\ARM_GCC_541\Debug\shutter_controller.a(CyLib.o)
 .debug_ranges  0x000002b8      0x128 .\CortexM0\ARM_GCC_541\Debug\shutter_controller.a(CyLFClk.o)
 .debug_ranges  0x000003e0       0x70 .\CortexM0\ARM_GCC_541\Debug\shutter_controller.a(Timer_1.o)

.comment        0x00000000       0x6e
 .comment       0x00000000       0x6e .\CortexM0\ARM_GCC_541\Debug\main.o
                                 0x6f (size before relaxing)
 .comment       0x0000006e       0x6f .\CortexM0\ARM_GCC_541\Debug\cyfitter_cfg.o
 .comment       0x0000006e       0x6f .\CortexM0\ARM_GCC_541\Debug\cymetadata.o
 .comment       0x0000006e       0x6f .\CortexM0\ARM_GCC_541\Debug\Cm0Start.o
 .comment       0x0000006e       0x6f .\CortexM0\ARM_GCC_541\Debug\cybootloader.o
 .comment       0x0000006e       0x6f .\CortexM0\ARM_GCC_541\Debug\shutter_controller.a(start_pulse.o)
 .comment       0x0000006e       0x6f .\CortexM0\ARM_GCC_541\Debug\shutter_controller.a(HS_Clock.o)
 .comment       0x0000006e       0x6f .\CortexM0\ARM_GCC_541\Debug\shutter_controller.a(microsecond_clock.o)
 .comment       0x0000006e       0x6f .\CortexM0\ARM_GCC_541\Debug\shutter_controller.a(CyLib.o)
 .comment       0x0000006e       0x6f .\CortexM0\ARM_GCC_541\Debug\shutter_controller.a(CyLFClk.o)
 .comment       0x0000006e       0x6f .\CortexM0\ARM_GCC_541\Debug\shutter_controller.a(Timer_1.o)

.debug_weaknames
 *(.debug_weaknames)

.debug_funcnames
 *(.debug_funcnames)

.debug_typenames
 *(.debug_typenames)

.debug_varnames
 *(.debug_varnames)

.note.gnu.arm.ident
 *(.note.gnu.arm.ident)

.ARM.attributes
                0x00000000       0x28
 *(.ARM.attributes)
 .ARM.attributes
                0x00000000       0x1e c:/program files (x86)/cypress/psoc creator/4.2/psoc creator/import/gnu/arm/5.4.1/bin/../lib/gcc/arm-none-eabi/5.4.1/armv6-m/crti.o
 .ARM.attributes
                0x0000001e       0x2c c:/program files (x86)/cypress/psoc creator/4.2/psoc creator/import/gnu/arm/5.4.1/bin/../lib/gcc/arm-none-eabi/5.4.1/armv6-m/crtbegin.o
 .ARM.attributes
                0x0000004a       0x1b c:/program files (x86)/cypress/psoc creator/4.2/psoc creator/import/gnu/arm/5.4.1/bin/../lib/gcc/arm-none-eabi/5.4.1/../../../../arm-none-eabi/lib/armv6-m/crt0.o
 .ARM.attributes
                0x00000065       0x31 .\CortexM0\ARM_GCC_541\Debug\main.o
 .ARM.attributes
                0x00000096       0x31 .\CortexM0\ARM_GCC_541\Debug\cyfitter_cfg.o
 .ARM.attributes
                0x000000c7       0x31 .\CortexM0\ARM_GCC_541\Debug\cymetadata.o
 .ARM.attributes
                0x000000f8       0x31 .\CortexM0\ARM_GCC_541\Debug\Cm0Start.o
 .ARM.attributes
                0x00000129       0x31 .\CortexM0\ARM_GCC_541\Debug\cybootloader.o
 .ARM.attributes
                0x0000015a       0x31 .\CortexM0\ARM_GCC_541\Debug\shutter_controller.a(start_pulse.o)
 .ARM.attributes
                0x0000018b       0x31 .\CortexM0\ARM_GCC_541\Debug\shutter_controller.a(HS_Clock.o)
 .ARM.attributes
                0x000001bc       0x31 .\CortexM0\ARM_GCC_541\Debug\shutter_controller.a(microsecond_clock.o)
 .ARM.attributes
                0x000001ed       0x31 .\CortexM0\ARM_GCC_541\Debug\shutter_controller.a(CyLib.o)
 .ARM.attributes
                0x0000021e       0x31 .\CortexM0\ARM_GCC_541\Debug\shutter_controller.a(CyLFClk.o)
 .ARM.attributes
                0x0000024f       0x31 .\CortexM0\ARM_GCC_541\Debug\shutter_controller.a(Timer_1.o)
 .ARM.attributes
                0x00000280       0x21 .\CortexM0\ARM_GCC_541\Debug\shutter_controller.a(CyBootAsmGnu.o)
 .ARM.attributes
                0x000002a1       0x1e c:/program files (x86)/cypress/psoc creator/4.2/psoc creator/import/gnu/arm/5.4.1/bin/../lib/gcc/arm-none-eabi/5.4.1/armv6-m\libgcc.a(_udivsi3.o)
 .ARM.attributes
                0x000002bf       0x1e c:/program files (x86)/cypress/psoc creator/4.2/psoc creator/import/gnu/arm/5.4.1/bin/../lib/gcc/arm-none-eabi/5.4.1/armv6-m\libgcc.a(_dvmd_tls.o)
 .ARM.attributes
                0x000002dd       0x2c c:/program files (x86)/cypress/psoc creator/4.2/psoc creator/import/gnu/arm/5.4.1/bin/../lib/gcc/arm-none-eabi/5.4.1/../../../../arm-none-eabi/lib/armv6-m\libg_nano.a(lib_a-errno.o)
 .ARM.attributes
                0x00000309       0x2c c:/program files (x86)/cypress/psoc creator/4.2/psoc creator/import/gnu/arm/5.4.1/bin/../lib/gcc/arm-none-eabi/5.4.1/../../../../arm-none-eabi/lib/armv6-m\libg_nano.a(lib_a-exit.o)
 .ARM.attributes
                0x00000335       0x2c c:/program files (x86)/cypress/psoc creator/4.2/psoc creator/import/gnu/arm/5.4.1/bin/../lib/gcc/arm-none-eabi/5.4.1/../../../../arm-none-eabi/lib/armv6-m\libg_nano.a(lib_a-impure.o)
 .ARM.attributes
                0x00000361       0x2c c:/program files (x86)/cypress/psoc creator/4.2/psoc creator/import/gnu/arm/5.4.1/bin/../lib/gcc/arm-none-eabi/5.4.1/../../../../arm-none-eabi/lib/armv6-m\libg_nano.a(lib_a-init.o)
 .ARM.attributes
                0x0000038d       0x2c c:/program files (x86)/cypress/psoc creator/4.2/psoc creator/import/gnu/arm/5.4.1/bin/../lib/gcc/arm-none-eabi/5.4.1/../../../../arm-none-eabi/lib/armv6-m\libg_nano.a(lib_a-memset.o)
 .ARM.attributes
                0x000003b9       0x2c c:/program files (x86)/cypress/psoc creator/4.2/psoc creator/import/gnu/arm/5.4.1/bin/../lib/gcc/arm-none-eabi/5.4.1/armv6-m/crtend.o
 .ARM.attributes
                0x000003e5       0x1e c:/program files (x86)/cypress/psoc creator/4.2/psoc creator/import/gnu/arm/5.4.1/bin/../lib/gcc/arm-none-eabi/5.4.1/armv6-m/crtn.o

/DISCARD/
 *(.note.GNU-stack)
OUTPUT(E:\JP Shutter Driver\shutter_controller.cydsn\CortexM0\ARM_GCC_541\Debug\shutter_controller.elf elf32-littlearm)
